Change Physical Footprint: Designator=C1 Old Footprint=CAPC1005X80N New Footprint=CAPC1005X80N
Change Physical Footprint: Designator=C2 Old Footprint=CAPC1005X80N New Footprint=CAPC1005X80N
Change Physical Footprint: Designator=C3 Old Footprint=CAPC1005X80N New Footprint=CAPC1005X80N
Change Physical Footprint: Designator=C4 Old Footprint=CAPC1005X80N New Footprint=CAPC1005X80N
Change Physical Footprint: Designator=C5 Old Footprint=CAPC1005X80N New Footprint=CAPC1005X80N
Change Physical Footprint: Designator=C6 Old Footprint=CAPC1005X80N New Footprint=CAPC1005X80N
Change Physical Footprint: Designator=C7 Old Footprint=CAPC1005X80N New Footprint=CAPC1005X80N
Change Physical Footprint: Designator=C8 Old Footprint=CAPC1005X80N New Footprint=CAPC1005X80N
Change Physical Footprint: Designator=C9 Old Footprint=CAPC1005X80N New Footprint=CAPC1005X80N
Change Physical Footprint: Designator=C10 Old Footprint=CAPC1005X80N New Footprint=CAPC1005X80N
Change Physical Footprint: Designator=C11 Old Footprint=CAPC1005X80N New Footprint=CAPC1005X80N
Change Physical Footprint: Designator=C12 Old Footprint=CAPC1005X80N New Footprint=CAPC1005X80N
Change Physical Footprint: Designator=C13 Old Footprint=CAPC1005X80N New Footprint=CAPC1005X80N
Change Physical Footprint: Designator=C14 Old Footprint=CAPC1005X80N New Footprint=CAPC1005X80N
Change Physical Footprint: Designator=C15 Old Footprint=CAPC1005X80N New Footprint=CAPC1005X80N
Change Physical Footprint: Designator=C16 Old Footprint=CAPC1005X80N New Footprint=CAPC1005X80N
Change Physical Footprint: Designator=C17 Old Footprint=CAPC1005X80N New Footprint=CAPC1005X80N
Change Physical Footprint: Designator=CON1 Old Footprint=FP-2171790001-MFG New Footprint=FP-2171790001-MFG
Change Physical Footprint: Designator=CON2 Old Footprint=FP-2171790001-MFG New Footprint=FP-2171790001-MFG
Change Physical Footprint: Designator=D1 Old Footprint=SOD882 New Footprint=SOD882
Change Physical Footprint: Designator=D2 Old Footprint=SOD882 New Footprint=SOD882
Change Physical Footprint: Designator=D3 Old Footprint=SOD882 New Footprint=SOD882
Change Physical Footprint: Designator=D4 Old Footprint=SOD882 New Footprint=SOD882
Change Physical Footprint: Designator=D5 Old Footprint=SOD882 New Footprint=SOD882
Change Physical Footprint: Designator=D6 Old Footprint=SOD882 New Footprint=SOD882
Change Physical Footprint: Designator=J1 Old Footprint=HDR_1x24 New Footprint=HDR_1x24
Change Physical Footprint: Designator=J2 Old Footprint=HDR_1x24 New Footprint=HDR_1x24
Change Physical Footprint: Designator=J3 Old Footprint=HDR_1X3 New Footprint=HDR_1X3
Change Physical Footprint: Designator=Q1 Old Footprint=FP-SS8050-G-IPC_B New Footprint=FP-SS8050-G-IPC_B
Change Physical Footprint: Designator=Q2 Old Footprint=FP-SS8050-G-IPC_B New Footprint=FP-SS8050-G-IPC_B
Change Physical Footprint: Designator=R1 Old Footprint=RESC1005X40N New Footprint=RESC1005X40N
Change Physical Footprint: Designator=R2 Old Footprint=RESC1005X40N New Footprint=RESC1005X40N
Change Physical Footprint: Designator=R3 Old Footprint=RESC1005X40N New Footprint=RESC1005X40N
Change Physical Footprint: Designator=R4 Old Footprint=RESC1005X40N New Footprint=RESC1005X40N
Change Physical Footprint: Designator=R5 Old Footprint=RESC1005X40N New Footprint=RESC1005X40N
Change Physical Footprint: Designator=R6 Old Footprint=RESC1005X40N New Footprint=RESC1005X40N
Change Physical Footprint: Designator=R7 Old Footprint=RESC1005X40N New Footprint=RESC1005X40N
Change Physical Footprint: Designator=R8 Old Footprint=RESC1005X40N New Footprint=RESC1005X40N
Change Physical Footprint: Designator=R9 Old Footprint=RESC1005X40N New Footprint=RESC1005X40N
Change Physical Footprint: Designator=R10 Old Footprint=RESC1005X40N New Footprint=RESC1005X40N
Change Physical Footprint: Designator=R11 Old Footprint=RESC1005X40N New Footprint=RESC1005X40N
Change Physical Footprint: Designator=R12 Old Footprint=RESC1005X40N New Footprint=RESC1005X40N
Change Physical Footprint: Designator=R13 Old Footprint=RESC1005X40N New Footprint=RESC1005X40N
Change Physical Footprint: Designator=R14 Old Footprint=RESC1005X40N New Footprint=RESC1005X40N
Change Physical Footprint: Designator=R15 Old Footprint=RESC1005X40N New Footprint=RESC1005X40N
Change Physical Footprint: Designator=R16 Old Footprint=RESC1005X40N New Footprint=RESC1005X40N
Change Physical Footprint: Designator=R17 Old Footprint=RESC1005X40N New Footprint=RESC1005X40N
Change Physical Footprint: Designator=R18 Old Footprint=RESC1005X40N New Footprint=RESC1005X40N
Change Physical Footprint: Designator=R19 Old Footprint=RESC1005X40N New Footprint=RESC1005X40N
Change Physical Footprint: Designator=R20 Old Footprint=RESC1005X40N New Footprint=RESC1005X40N
Change Physical Footprint: Designator=R21 Old Footprint=RESC1005X40N New Footprint=RESC1005X40N
Change Physical Footprint: Designator=R22 Old Footprint=RESC1005X40N New Footprint=RESC1005X40N
Change Physical Footprint: Designator=R23 Old Footprint=RESC1005X40N New Footprint=RESC1005X40N
Change Physical Footprint: Designator=R24 Old Footprint=RESC1005X40N New Footprint=RESC1005X40N
Change Physical Footprint: Designator=SW1 Old Footprint=ESWI-TL3301NF160QG_V New Footprint=ESWI-TL3301NF160QG_V
Change Physical Footprint: Designator=SW2 Old Footprint=ESWI-TL3301NF160QG_V New Footprint=ESWI-TL3301NF160QG_V
Change Physical Footprint: Designator=U1 Old Footprint=XCVR_ESP32-S3-MINI-1-N8 New Footprint=XCVR_ESP32-S3-MINI-1-N8
Change Physical Footprint: Designator=U2 Old Footprint=FP-QFN-20-IPC_B New Footprint=FP-QFN-20-IPC_B
Change Physical Footprint: Designator=U3 Old Footprint=DCY0004A_N New Footprint=DCY0004A_N
